// Jest Snapshot v1, https://goo.gl/fbAQLP

exports[`Menu renders defaultProps 1`] = `
<nav
  className="menu menu--home"
>
  <button
    aria-label="navigate back"
    className="icon-button hidden icon-button icon-button--back"
    name="navigate back"
    onClick={[Function]}
    tabIndex="0"
    type="button"
  >
    <svg
      className="icon icon--back"
      width={16}
    >
      left-arrow.svg
    </svg>
  </button>
  <h1
    className="hidden menu__title"
  >
    Now playing
  </h1>
  <button
    aria-label="about the app"
    className="icon-button hidden icon-button icon-button--help"
    name="about the app"
    onClick={[Function]}
    tabIndex="0"
    type="button"
  >
    <svg
      className="icon icon--help"
      width={27}
    >
      help-button.svg
    </svg>
  </button>
  <button
    aria-label="close about"
    className="icon-button icon-button icon-button--close"
    name="close about"
    onClick={[Function]}
    tabIndex="0"
    type="button"
  >
    <svg
      className="icon icon--close"
      width={12}
    >
      close.svg
    </svg>
  </button>
</nav>
`;
